DM Object: Mesh 1 MPI processes
  type: plex
Mesh in 2 dimensions:
  0-cells: 4
  1-cells: 5
  2-cells: 2
Labels:
  Face Sets: 1 strata with value/size (1 (4))
  depth: 3 strata with value/size (0 (4), 1 (5), 2 (2))
  DMSWARM_PIC: Using method CellDM->LocatePoints
  DMSWARM_PIC: Using method CellDM->GetNeigbors
DM Object: Particles 1 MPI processes
  type: swarm
DMSwarmDataBucketView: 
  L                  = 10 
  buffer             = 0 
  allocated          = 10 
  nfields registered = 5 
                            blocksize        = 1 
                            blocksize        = 1 
                            blocksize        = 2 
                            blocksize        = 1 
                            blocksize        = 1 
L2 projection mass:     1.8092177574e+00, x-momentum:     1.9548250660e-01, energy:     5.7279831447e-01.
L2 projection mass:     1.8092177574e+00, x-momentum:     1.9548250660e-01, energy:     5.7279831447e-01.
L2 projection mass:     1.8092177574e+00, x-momentum:     1.9548250660e-01, energy:     5.7279831447e-01.
