DM Object: Mesh 1 MPI processes
  type: plex
Mesh in 2 dimensions:
  0-cells: 4
  1-cells: 5
  2-cells: 2
Labels:
  Face Sets: 1 strata with value/size (1 (4))
  marker: 1 strata with value/size (1 (8))
  depth: 3 strata with value/size (0 (4), 1 (5), 2 (2))
  DMSWARM_PIC: Using method CellDM->LocatePoints
  DMSWARM_PIC: Using method CellDM->GetNeigbors
DM Object: Particles 1 MPI processes
  type: swarm
DMSwarmDataBucketView: 
  L                  = 2 
  buffer             = 0 
  allocated          = 2 
  nfields registered = 6 
    [  0]     DMSwarm_pid : Mem. usage       = 8.00e-06 (MB) [rank0]
                            blocksize        = 1 
                            atomic size      = 4 
    [  1]    DMSwarm_rank : Mem. usage       = 8.00e-06 (MB) [rank0]
                            blocksize        = 1 
                            atomic size      = 4 
    [  2] DMSwarmPIC_coor : Mem. usage       = 3.20e-05 (MB) [rank0]
                            blocksize        = 2 
                            atomic size      = 16 [full block, bs=2]
                            atomic size/item = 8 
    [  3]  DMSwarm_cellid : Mem. usage       = 8.00e-06 (MB) [rank0]
                            blocksize        = 1 
                            atomic size      = 4 
    [  4]             w_q : Mem. usage       = 1.60e-05 (MB) [rank0]
                            blocksize        = 1 
                            atomic size      = 8 
    [  5]      kinematics : Mem. usage       = 3.20e-05 (MB) [rank0]
                            blocksize        = 2 
                            atomic size      = 16 [full block, bs=2]
                            atomic size/item = 8 
  Total mem. usage                           = 1.04e-04 (MB) (collective)
Energy: 81.92
Modified energy: 81.92
Energy: 2949.12
Modified energy: 2949.12
Energy: 81.92
Modified energy: 81.9233
Energy: 2949.12
Modified energy: 2949.24
The particle solution for (xp, vp) at time 0.001000 is [0.199591 -0.818641]
The exact solution for (xp, vp) at time 0.001000 is [0.199591 -0.818641]
Exact Particle Energy: 81.92
The particle solution for (xp, vp) at time 0.001000 is [1.19754 -4.91185]
The exact solution for (xp, vp) at time 0.001000 is [1.19754 -4.91185]
Exact Particle Energy: 2949.12
