DM Object: Mesh 1 MPI processes
  type: plex
Mesh in 2 dimensions:
  0-cells: 4
  1-cells: 5
  2-cells: 2
Labels:
  Face Sets: 1 strata with value/size (1 (4))
  marker: 1 strata with value/size (1 (8))
  depth: 3 strata with value/size (0 (4), 1 (5), 2 (2))
  DMSWARM_PIC: Using method CellDM->LocatePoints
  DMSWARM_PIC: Using method CellDM->GetNeigbors
DM Object: Particles 1 MPI processes
  type: swarm
DMSwarmDataBucketView: 
  L                  = 2 
  buffer             = 0 
  allocated          = 2 
  nfields registered = 6 
    [  0]     DMSwarm_pid : Mem. usage       = 1.60e-05 (MB) [rank0]
                            blocksize        = 1 
                            atomic size      = 8 
    [  1]    DMSwarm_rank : Mem. usage       = 8.00e-06 (MB) [rank0]
                            blocksize        = 1 
                            atomic size      = 4 
    [  2] DMSwarmPIC_coor : Mem. usage       = 3.20e-05 (MB) [rank0]
                            blocksize        = 2 
                            atomic size      = 16 [full block, bs=2]
                            atomic size/item = 8 
    [  3]  DMSwarm_cellid : Mem. usage       = 8.00e-06 (MB) [rank0]
                            blocksize        = 1 
                            atomic size      = 4 
    [  4]             w_q : Mem. usage       = 1.60e-05 (MB) [rank0]
                            blocksize        = 1 
                            atomic size      = 8 
    [  5]      kinematics : Mem. usage       = 6.40e-05 (MB) [rank0]
                            blocksize        = 4 
                            atomic size      = 32 [full block, bs=4]
                            atomic size/item = 8 
  Total mem. usage                           = 1.44e-04 (MB) (collective)
CONVERGED_ITS at time 0.001 after 10 steps
Particle 0 initial Energy: 500.  Final Energy: 500.05
Particle 1 initial Energy: 250.  Final Energy: 250.003
