Overlap: 1
DM Object: Parallel Mesh 2 MPI processes
  type: plex
Parallel Mesh in 2 dimensions:
  0-cells: 57 68
  1-cells: 106 127
  2-cells: 39 44
Labels:
  _forest_base_subpoint_map: 28 strata with value/size (0 (9), 1 (33), 2 (49), 3 (6), 4 (23), 5 (6), 9 (1), 10 (1), 11 (1), 12 (1), 13 (1), 14 (1), 15 (1), 16 (1), 25 (3), 26 (3), 27 (7), 28 (3), 29 (8), 30 (9), 37 (3), 38 (2), 40 (6), 41 (5), 43 (8), 44 (2), 46 (7), 47 (2))
  marker: 1 strata with value/size (1 (33))
  Face Sets: 3 strata with value/size (1 (13), 2 (9), 4 (5))
  depth: 3 strata with value/size (0 (57), 1 (106), 2 (39))
DM Object: Simplicial Mesh 2 MPI processes
  type: plex
  Cell balance: 1.10 (max 33, min 30, empty 0)
  Edge Cut: 10 (on node 1.000)
Mesh with 83 cells, shape condition numbers: min = 2., max = 2., mean = 2., stddev = 0.
