Mesh with 6853 cells, shape condition numbers: min = 3.06203, max = 11.2622, mean = 6.05424, stddev = 2.32234
