Overlap: 2
DM Object: Simplicial Mesh 2 MPI processes
  type: plex
Simplicial Mesh in 2 dimensions:
  0-cells: 22 22
  1-cells: 49 49
  2-cells: 28 28
Labels:
  marker: 1 strata with value/size (1 (25))
  Face Sets: 1 strata with value/size (1 (18))
  depth: 3 strata with value/size (0 (22), 1 (49), 2 (28))
