Overlap: 1
DM Object: Simplicial Mesh 2 MPI processes
  type: plex
Simplicial Mesh in 2 dimensions:
  0-cells: 19 19
  1-cells: 41 41
  2-cells: 23 23
Labels:
  marker: 1 strata with value/size (1 (21))
  Face Sets: 1 strata with value/size (1 (16))
  depth: 3 strata with value/size (0 (19), 1 (41), 2 (23))
