DM Object: Simplicial Mesh 1 MPI processes
  type: plex
Simplicial Mesh in 3 dimensions:
  0-cells: 224
  1-cells: 538
  2-cells: 417 (19)
  3-cells: 102 (18)
Labels:
  dim: 2 strata with value/size (3 (84), 2 (398))
  depth: 4 strata with value/size (0 (224), 1 (538), 2 (417), 3 (102))
