Mesh with 3078 cells, shape condition numbers: min = 18.323, max = 101.203, mean = 53.0084, stddev = 16.0265
