DM Object: Simplicial Mesh 1 MPI processes
  type: plex
Simplicial Mesh in 3 dimensions:
  0-cells: 424
  1-cells: 1177
  2-cells: 891
  3-cells: 218
Labels:
  depth: 4 strata with value/size (0 (424), 1 (1177), 2 (891), 3 (218))
Mesh with 218 cells, shape condition numbers: min = 3.35466, max = 4.81894, mean = 3.73687, stddev = 0.278858
