Mesh with 2166 cells, shape condition numbers: min = 3.26811, max = 3.26811, mean = 3.26811, stddev = 4.14001e-07
