Mesh with 64 cells, shape condition numbers: min = 3.43191, max = 4.81894, mean = 3.83575, stddev = 0.333372
