DM Object: Simplicial Mesh 1 MPI processes
  type: plex
Simplicial Mesh in 2 dimensions:
  0-cells: 563
  1-cells: 1176
  2-cells: 445
Labels:
  depth: 3 strata with value/size (0 (563), 1 (1176), 2 (445))
  Cell Sets: 1 strata with value/size (1 (1485))
Mesh with 445 cells, shape condition numbers: min = 2., max = 7.04333, mean = 2.33348, stddev = 0.637205
