DM Object: Simplicial Mesh 1 MPI processes
  type: plex
Simplicial Mesh in 3 dimensions:
  0-cells: 111
  1-cells: 274
  2-cells: 228
  3-cells: 64
Labels:
  depth: 4 strata with value/size (0 (111), 1 (274), 2 (228), 3 (64))
Mesh with 64 cells, shape condition numbers: min = 3.43191, max = 4.81894, mean = 3.83575, stddev = 0.333372
