Mesh with 5198 cells, shape condition numbers: min = 18.4419, max = 99.8298, mean = 51.8276, stddev = 15.8971
