DM Object: Simplicial Mesh 1 MPI processes
  type: plex
Simplicial Mesh in 3 dimensions:
  0-cells: 4181
  1-cells: 12235
  2-cells: 9557
  3-cells: 2338
Labels:
  depth: 4 strata with value/size (0 (4181), 1 (12235), 2 (9557), 3 (2338))
  Cell Sets: 1 strata with value/size (1 (13750))
Mesh with 2338 cells, shape condition numbers: min = 3.03738, max = 11.2622, mean = 6.07228, stddev = 2.35005
