DM Object: Simple Hybrid Mesh 1 MPI processes
  type: plex
Simple Hybrid Mesh in 3 dimensions:
Supports:
[0] Max support size: 4
[0]: 3 ----> 28
[0]: 3 ----> 29
[0]: 3 ----> 30
[0]: 4 ----> 22
[0]: 4 ----> 26
[0]: 4 ----> 28
[0]: 4 ----> 34
[0]: 5 ----> 22
[0]: 5 ----> 24
[0]: 5 ----> 29
[0]: 5 ----> 35
[0]: 6 ----> 24
[0]: 6 ----> 26
[0]: 6 ----> 30
[0]: 6 ----> 36
[0]: 7 ----> 23
[0]: 7 ----> 27
[0]: 7 ----> 31
[0]: 7 ----> 34
[0]: 8 ----> 23
[0]: 8 ----> 25
[0]: 8 ----> 33
[0]: 8 ----> 35
[0]: 9 ----> 25
[0]: 9 ----> 27
[0]: 9 ----> 32
[0]: 9 ----> 36
[0]: 10 ----> 31
[0]: 10 ----> 32
[0]: 10 ----> 33
[0]: 11 ----> 0
[0]: 11 ----> 2
[0]: 12 ----> 1
[0]: 12 ----> 2
[0]: 13 ----> 0
[0]: 14 ----> 0
[0]: 15 ----> 0
[0]: 16 ----> 1
[0]: 17 ----> 1
[0]: 18 ----> 1
[0]: 19 ----> 2
[0]: 20 ----> 2
[0]: 21 ----> 2
[0]: 22 ----> 11
[0]: 22 ----> 13
[0]: 22 ----> 19
[0]: 23 ----> 12
[0]: 23 ----> 17
[0]: 23 ----> 19
[0]: 24 ----> 11
[0]: 24 ----> 15
[0]: 24 ----> 20
[0]: 25 ----> 12
[0]: 25 ----> 18
[0]: 25 ----> 20
[0]: 26 ----> 11
[0]: 26 ----> 14
[0]: 26 ----> 21
[0]: 27 ----> 12
[0]: 27 ----> 16
[0]: 27 ----> 21
[0]: 28 ----> 13
[0]: 28 ----> 14
[0]: 29 ----> 13
[0]: 29 ----> 15
[0]: 30 ----> 14
[0]: 30 ----> 15
[0]: 31 ----> 16
[0]: 31 ----> 17
[0]: 32 ----> 16
[0]: 32 ----> 18
[0]: 33 ----> 17
[0]: 33 ----> 18
[0]: 34 ----> 19
[0]: 34 ----> 21
[0]: 35 ----> 19
[0]: 35 ----> 20
[0]: 36 ----> 20
[0]: 36 ----> 21
Cones:
[0] Max cone size: 5
[0]: 0 <---- 11 (0)
[0]: 0 <---- 13 (0)
[0]: 0 <---- 14 (0)
[0]: 0 <---- 15 (0)
[0]: 1 <---- 12 (-3)
[0]: 1 <---- 16 (0)
[0]: 1 <---- 17 (0)
[0]: 1 <---- 18 (0)
[0]: 2 <---- 11 (0)
[0]: 2 <---- 12 (0)
[0]: 2 <---- 19 (0)
[0]: 2 <---- 20 (0)
[0]: 2 <---- 21 (0)
[0]: 11 <---- 22 (0)
[0]: 11 <---- 24 (0)
[0]: 11 <---- 26 (0)
[0]: 12 <---- 23 (0)
[0]: 12 <---- 25 (0)
[0]: 12 <---- 27 (0)
[0]: 13 <---- 28 (0)
[0]: 13 <---- 29 (0)
[0]: 13 <---- 22 (-2)
[0]: 14 <---- 26 (-2)
[0]: 14 <---- 30 (0)
[0]: 14 <---- 28 (-2)
[0]: 15 <---- 24 (-2)
[0]: 15 <---- 29 (-2)
[0]: 15 <---- 30 (-2)
[0]: 16 <---- 31 (0)
[0]: 16 <---- 32 (0)
[0]: 16 <---- 27 (0)
[0]: 17 <---- 23 (0)
[0]: 17 <---- 33 (0)
[0]: 17 <---- 31 (-2)
[0]: 18 <---- 25 (0)
[0]: 18 <---- 32 (-2)
[0]: 18 <---- 33 (-2)
[0]: 19 <---- 22 (0)
[0]: 19 <---- 23 (0)
[0]: 19 <---- 34 (0)
[0]: 19 <---- 35 (0)
[0]: 20 <---- 24 (0)
[0]: 20 <---- 25 (0)
[0]: 20 <---- 35 (0)
[0]: 20 <---- 36 (0)
[0]: 21 <---- 26 (0)
[0]: 21 <---- 27 (0)
[0]: 21 <---- 36 (0)
[0]: 21 <---- 34 (0)
[0]: 22 <---- 4 (0)
[0]: 22 <---- 5 (0)
[0]: 23 <---- 7 (0)
[0]: 23 <---- 8 (0)
[0]: 24 <---- 5 (0)
[0]: 24 <---- 6 (0)
[0]: 25 <---- 8 (0)
[0]: 25 <---- 9 (0)
[0]: 26 <---- 6 (0)
[0]: 26 <---- 4 (0)
[0]: 27 <---- 9 (0)
[0]: 27 <---- 7 (0)
[0]: 28 <---- 4 (0)
[0]: 28 <---- 3 (0)
[0]: 29 <---- 3 (0)
[0]: 29 <---- 5 (0)
[0]: 30 <---- 6 (0)
[0]: 30 <---- 3 (0)
[0]: 31 <---- 7 (0)
[0]: 31 <---- 10 (0)
[0]: 32 <---- 10 (0)
[0]: 32 <---- 9 (0)
[0]: 33 <---- 8 (0)
[0]: 33 <---- 10 (0)
[0]: 34 <---- 4 (0)
[0]: 34 <---- 7 (0)
[0]: 35 <---- 5 (0)
[0]: 35 <---- 8 (0)
[0]: 36 <---- 6 (0)
[0]: 36 <---- 9 (0)
coordinates with 1 fields
  field 0 with 3 components
Process 0:
  (   3) dim  3 offset   0 -1. 1. 0.
  (   4) dim  3 offset   3 0. 0. 0.
  (   5) dim  3 offset   6 0. 1. -1.
  (   6) dim  3 offset   9 0. 1. 1.
  (   7) dim  3 offset  12 1. 0. 0.
  (   8) dim  3 offset  15 1. 1. -1.
  (   9) dim  3 offset  18 1. 1. 1.
  (  10) dim  3 offset  21 2. 1. 0.
