DM Object: Reverse Hybrid Mesh 1 MPI processes
  type: plex
Reverse Hybrid Mesh in 3 dimensions:
Supports:
[0] Max support size: 6
[0]: 5 ----> 57
[0]: 5 ----> 59
[0]: 5 ----> 64
[0]: 6 ----> 57
[0]: 6 ----> 58
[0]: 6 ----> 65
[0]: 6 ----> 67
[0]: 7 ----> 67
[0]: 7 ----> 68
[0]: 7 ----> 71
[0]: 8 ----> 60
[0]: 8 ----> 62
[0]: 8 ----> 64
[0]: 9 ----> 61
[0]: 9 ----> 62
[0]: 9 ----> 65
[0]: 9 ----> 70
[0]: 10 ----> 69
[0]: 10 ----> 70
[0]: 10 ----> 71
[0]: 11 ----> 43
[0]: 11 ----> 53
[0]: 11 ----> 59
[0]: 11 ----> 63
[0]: 12 ----> 45
[0]: 12 ----> 47
[0]: 12 ----> 53
[0]: 12 ----> 55
[0]: 12 ----> 58
[0]: 12 ----> 66
[0]: 13 ----> 49
[0]: 13 ----> 55
[0]: 13 ----> 68
[0]: 13 ----> 72
[0]: 14 ----> 44
[0]: 14 ----> 54
[0]: 14 ----> 60
[0]: 14 ----> 63
[0]: 15 ----> 46
[0]: 15 ----> 48
[0]: 15 ----> 54
[0]: 15 ----> 56
[0]: 15 ----> 61
[0]: 15 ----> 66
[0]: 16 ----> 50
[0]: 16 ----> 56
[0]: 16 ----> 69
[0]: 16 ----> 72
[0]: 17 ----> 43
[0]: 17 ----> 45
[0]: 17 ----> 51
[0]: 17 ----> 73
[0]: 18 ----> 47
[0]: 18 ----> 49
[0]: 18 ----> 51
[0]: 18 ----> 74
[0]: 19 ----> 44
[0]: 19 ----> 46
[0]: 19 ----> 52
[0]: 19 ----> 73
[0]: 20 ----> 48
[0]: 20 ----> 50
[0]: 20 ----> 52
[0]: 20 ----> 74
[0]: 21 ----> 2
[0]: 22 ----> 2
[0]: 23 ----> 3
[0]: 24 ----> 3
[0]: 25 ----> 4
[0]: 26 ----> 4
[0]: 27 ----> 0
[0]: 28 ----> 0
[0]: 29 ----> 0
[0]: 30 ----> 0
[0]: 30 ----> 1
[0]: 31 ----> 0
[0]: 31 ----> 2
[0]: 32 ----> 0
[0]: 33 ----> 1
[0]: 34 ----> 1
[0]: 35 ----> 1
[0]: 36 ----> 1
[0]: 36 ----> 3
[0]: 37 ----> 1
[0]: 38 ----> 2
[0]: 39 ----> 2
[0]: 39 ----> 4
[0]: 40 ----> 3
[0]: 40 ----> 4
[0]: 41 ----> 3
[0]: 42 ----> 4
[0]: 43 ----> 21
[0]: 43 ----> 38
[0]: 44 ----> 22
[0]: 44 ----> 38
[0]: 45 ----> 21
[0]: 45 ----> 25
[0]: 45 ----> 39
[0]: 46 ----> 22
[0]: 46 ----> 26
[0]: 46 ----> 39
[0]: 47 ----> 23
[0]: 47 ----> 25
[0]: 47 ----> 40
[0]: 48 ----> 24
[0]: 48 ----> 26
[0]: 48 ----> 40
[0]: 49 ----> 23
[0]: 49 ----> 41
[0]: 50 ----> 24
[0]: 50 ----> 41
[0]: 51 ----> 25
[0]: 51 ----> 42
[0]: 52 ----> 26
[0]: 52 ----> 42
[0]: 53 ----> 21
[0]: 53 ----> 27
[0]: 53 ----> 31
[0]: 54 ----> 22
[0]: 54 ----> 28
[0]: 54 ----> 31
[0]: 55 ----> 23
[0]: 55 ----> 33
[0]: 55 ----> 36
[0]: 56 ----> 24
[0]: 56 ----> 34
[0]: 56 ----> 36
[0]: 57 ----> 27
[0]: 57 ----> 32
[0]: 58 ----> 27
[0]: 58 ----> 30
[0]: 58 ----> 33
[0]: 59 ----> 27
[0]: 59 ----> 29
[0]: 60 ----> 28
[0]: 60 ----> 29
[0]: 61 ----> 28
[0]: 61 ----> 30
[0]: 61 ----> 34
[0]: 62 ----> 28
[0]: 62 ----> 32
[0]: 63 ----> 29
[0]: 63 ----> 31
[0]: 63 ----> 38
[0]: 64 ----> 29
[0]: 64 ----> 32
[0]: 65 ----> 30
[0]: 65 ----> 32
[0]: 65 ----> 37
[0]: 66 ----> 30
[0]: 66 ----> 31
[0]: 66 ----> 36
[0]: 66 ----> 39
[0]: 66 ----> 40
[0]: 67 ----> 33
[0]: 67 ----> 37
[0]: 68 ----> 33
[0]: 68 ----> 35
[0]: 69 ----> 34
[0]: 69 ----> 35
[0]: 70 ----> 34
[0]: 70 ----> 37
[0]: 71 ----> 35
[0]: 71 ----> 37
[0]: 72 ----> 35
[0]: 72 ----> 36
[0]: 72 ----> 41
[0]: 73 ----> 38
[0]: 73 ----> 39
[0]: 73 ----> 42
[0]: 74 ----> 40
[0]: 74 ----> 41
[0]: 74 ----> 42
Cones:
[0] Max cone size: 6
[0]: 0 <---- 27 (0)
[0]: 0 <---- 28 (0)
[0]: 0 <---- 29 (0)
[0]: 0 <---- 30 (0)
[0]: 0 <---- 31 (0)
[0]: 0 <---- 32 (0)
[0]: 1 <---- 33 (0)
[0]: 1 <---- 34 (0)
[0]: 1 <---- 30 (-1)
[0]: 1 <---- 35 (0)
[0]: 1 <---- 36 (0)
[0]: 1 <---- 37 (0)
[0]: 2 <---- 21 (0)
[0]: 2 <---- 22 (0)
[0]: 2 <---- 38 (0)
[0]: 2 <---- 39 (0)
[0]: 2 <---- 31 (-1)
[0]: 3 <---- 23 (0)
[0]: 3 <---- 24 (0)
[0]: 3 <---- 40 (0)
[0]: 3 <---- 41 (0)
[0]: 3 <---- 36 (-1)
[0]: 4 <---- 25 (0)
[0]: 4 <---- 26 (0)
[0]: 4 <---- 39 (-1)
[0]: 4 <---- 42 (0)
[0]: 4 <---- 40 (-1)
[0]: 21 <---- 43 (0)
[0]: 21 <---- 45 (0)
[0]: 21 <---- 53 (0)
[0]: 22 <---- 44 (0)
[0]: 22 <---- 46 (0)
[0]: 22 <---- 54 (0)
[0]: 23 <---- 47 (0)
[0]: 23 <---- 49 (0)
[0]: 23 <---- 55 (0)
[0]: 24 <---- 48 (0)
[0]: 24 <---- 50 (0)
[0]: 24 <---- 56 (0)
[0]: 25 <---- 45 (-2)
[0]: 25 <---- 51 (0)
[0]: 25 <---- 47 (-2)
[0]: 26 <---- 46 (-2)
[0]: 26 <---- 52 (0)
[0]: 26 <---- 48 (-2)
[0]: 27 <---- 57 (0)
[0]: 27 <---- 58 (0)
[0]: 27 <---- 53 (0)
[0]: 27 <---- 59 (0)
[0]: 28 <---- 60 (0)
[0]: 28 <---- 54 (-2)
[0]: 28 <---- 61 (0)
[0]: 28 <---- 62 (0)
[0]: 29 <---- 59 (-2)
[0]: 29 <---- 63 (0)
[0]: 29 <---- 60 (-2)
[0]: 29 <---- 64 (0)
[0]: 30 <---- 58 (-2)
[0]: 30 <---- 65 (0)
[0]: 30 <---- 61 (-2)
[0]: 30 <---- 66 (0)
[0]: 31 <---- 53 (-2)
[0]: 31 <---- 66 (-2)
[0]: 31 <---- 54 (0)
[0]: 31 <---- 63 (-2)
[0]: 32 <---- 64 (-2)
[0]: 32 <---- 62 (-2)
[0]: 32 <---- 65 (-2)
[0]: 32 <---- 57 (-2)
[0]: 33 <---- 67 (0)
[0]: 33 <---- 68 (0)
[0]: 33 <---- 55 (0)
[0]: 33 <---- 58 (-2)
[0]: 34 <---- 61 (-2)
[0]: 34 <---- 56 (-2)
[0]: 34 <---- 69 (0)
[0]: 34 <---- 70 (0)
[0]: 35 <---- 68 (-2)
[0]: 35 <---- 71 (0)
[0]: 35 <---- 69 (-2)
[0]: 35 <---- 72 (0)
[0]: 36 <---- 55 (-2)
[0]: 36 <---- 72 (-2)
[0]: 36 <---- 56 (0)
[0]: 36 <---- 66 (0)
[0]: 37 <---- 65 (0)
[0]: 37 <---- 70 (-2)
[0]: 37 <---- 71 (-2)
[0]: 37 <---- 67 (-2)
[0]: 38 <---- 43 (0)
[0]: 38 <---- 44 (0)
[0]: 38 <---- 63 (0)
[0]: 38 <---- 73 (0)
[0]: 39 <---- 45 (0)
[0]: 39 <---- 46 (0)
[0]: 39 <---- 73 (0)
[0]: 39 <---- 66 (-2)
[0]: 40 <---- 47 (0)
[0]: 40 <---- 48 (0)
[0]: 40 <---- 66 (-2)
[0]: 40 <---- 74 (0)
[0]: 41 <---- 49 (0)
[0]: 41 <---- 50 (0)
[0]: 41 <---- 74 (0)
[0]: 41 <---- 72 (-2)
[0]: 42 <---- 51 (0)
[0]: 42 <---- 52 (0)
[0]: 42 <---- 73 (0)
[0]: 42 <---- 74 (0)
[0]: 43 <---- 11 (0)
[0]: 43 <---- 17 (0)
[0]: 44 <---- 14 (0)
[0]: 44 <---- 19 (0)
[0]: 45 <---- 17 (0)
[0]: 45 <---- 12 (0)
[0]: 46 <---- 19 (0)
[0]: 46 <---- 15 (0)
[0]: 47 <---- 12 (0)
[0]: 47 <---- 18 (0)
[0]: 48 <---- 15 (0)
[0]: 48 <---- 20 (0)
[0]: 49 <---- 18 (0)
[0]: 49 <---- 13 (0)
[0]: 50 <---- 20 (0)
[0]: 50 <---- 16 (0)
[0]: 51 <---- 17 (0)
[0]: 51 <---- 18 (0)
[0]: 52 <---- 19 (0)
[0]: 52 <---- 20 (0)
[0]: 53 <---- 12 (0)
[0]: 53 <---- 11 (0)
[0]: 54 <---- 15 (0)
[0]: 54 <---- 14 (0)
[0]: 55 <---- 13 (0)
[0]: 55 <---- 12 (0)
[0]: 56 <---- 16 (0)
[0]: 56 <---- 15 (0)
[0]: 57 <---- 5 (0)
[0]: 57 <---- 6 (0)
[0]: 58 <---- 6 (0)
[0]: 58 <---- 12 (0)
[0]: 59 <---- 11 (0)
[0]: 59 <---- 5 (0)
[0]: 60 <---- 8 (0)
[0]: 60 <---- 14 (0)
[0]: 61 <---- 15 (0)
[0]: 61 <---- 9 (0)
[0]: 62 <---- 9 (0)
[0]: 62 <---- 8 (0)
[0]: 63 <---- 11 (0)
[0]: 63 <---- 14 (0)
[0]: 64 <---- 8 (0)
[0]: 64 <---- 5 (0)
[0]: 65 <---- 6 (0)
[0]: 65 <---- 9 (0)
[0]: 66 <---- 15 (0)
[0]: 66 <---- 12 (0)
[0]: 67 <---- 6 (0)
[0]: 67 <---- 7 (0)
[0]: 68 <---- 7 (0)
[0]: 68 <---- 13 (0)
[0]: 69 <---- 16 (0)
[0]: 69 <---- 10 (0)
[0]: 70 <---- 10 (0)
[0]: 70 <---- 9 (0)
[0]: 71 <---- 7 (0)
[0]: 71 <---- 10 (0)
[0]: 72 <---- 16 (0)
[0]: 72 <---- 13 (0)
[0]: 73 <---- 17 (0)
[0]: 73 <---- 19 (0)
[0]: 74 <---- 18 (0)
[0]: 74 <---- 20 (0)
coordinates with 1 fields
  field 0 with 3 components
Process 0:
  (   5) dim  3 offset   0 -1. -1. 0.
  (   6) dim  3 offset   3 -1. 0. 0.
  (   7) dim  3 offset   6 -1. 1. 0.
  (   8) dim  3 offset   9 -1. -1. 1.
  (   9) dim  3 offset  12 -1. 0. 1.
  (  10) dim  3 offset  15 -1. 1. 1.
  (  11) dim  3 offset  18 0. -1. 0.
  (  12) dim  3 offset  21 0. 0. 0.
  (  13) dim  3 offset  24 0. 1. 0.
  (  14) dim  3 offset  27 0. -1. 1.
  (  15) dim  3 offset  30 0. 0. 1.
  (  16) dim  3 offset  33 0. 1. 1.
  (  17) dim  3 offset  36 1. -1. 0.
  (  18) dim  3 offset  39 1. 1. 0.
  (  19) dim  3 offset  42 1. -1. 1.
  (  20) dim  3 offset  45 1. 1. 1.
